// Jest Snapshot v1, https://goo.gl/fbAQLP

exports[`Pruebas en el EntryList debe de llamar el getEntriesByTerm sin termino y mostrar 2 entradas 1`] = `
<div class="entry-list-container">
  <div><input type="text" class="form-control" placeholder="Search..." aria-label="search"></div>
  <div class="mt-2 d-flex flex-column"><button class="btn btn-primary mx-3"><i class="fa fa-plus-circle"></i> New entry </button></div>
  <div class="entry-scrollarea">
    <entry-one-stub entry="[object Object]"></entry-one-stub>
    <entry-one-stub entry="[object Object]"></entry-one-stub>
  </div>
</div>
`;
